Microsoft Windows [VersiÃ³n 10.0.18362.657]
(c) 2019 Microsoft Corporation. Todos los derechos reservados.

C:\Users\rmeligon>gem install redis
Fetching redis-4.1.3.gem
Successfully installed redis-4.1.3
Parsing documentation for redis-4.1.3
Installing ri documentation for redis-4.1.3
Done installing documentation for redis after 20 seconds
1 gem installed

C:\Users\rmeligon>gem install httparty
Fetching multi_xml-0.6.0.gem
Fetching mime-types-data-3.2019.1009.gem
Fetching httparty-0.17.3.gem
Fetching mime-types-3.3.1.gem
Successfully installed multi_xml-0.6.0
Successfully installed mime-types-data-3.2019.1009
Successfully installed mime-types-3.3.1
When you HTTParty, you must party hard!
Successfully installed httparty-0.17.3
Parsing documentation for multi_xml-0.6.0
Installing ri documentation for multi_xml-0.6.0
Parsing documentation for mime-types-data-3.2019.1009
Installing ri documentation for mime-types-data-3.2019.1009
Parsing documentation for mime-types-3.3.1
Installing ri documentation for mime-types-3.3.1
Parsing documentation for httparty-0.17.3
Installing ri documentation for httparty-0.17.3
Done installing documentation for multi_xml, mime-types-data, mime-types, httparty after 21 seconds
4 gems installed

C:\Users\rmeligon>


D:\data\CV Rafa\QA test Kantox>ruby test.rb
el resultado es 45
Traceback (most recent call last):
        1: from test.rb:12:in `<main>'
test.rb:13:in `<class:TradeExecutionService>': uninitialized constant TradeExecutionService::HTTParty (NameError)

D:\data\CV Rafa\QA test Kantox>ruby test.rb
el resultado es 45

D:\data\CV Rafa\QA test Kantox>


D:\data\CV Rafa\QA test Kantox>
D:\data\CV Rafa\QA test Kantox>gem install test-unit
Fetching test-unit-3.3.5.gem
Successfully installed test-unit-3.3.5
Parsing documentation for test-unit-3.3.5
Installing ri documentation for test-unit-3.3.5
Done installing documentation for test-unit after 25 seconds
1 gem installed

D:\data\CV Rafa\QA test Kantox>


D:\data\CV Rafa\QA test Kantox>gem install money
Fetching money-6.13.7.gem
Fetching i18n-1.8.2.gem
Fetching concurrent-ruby-1.1.6.gem
Successfully installed concurrent-ruby-1.1.6

HEADS UP! i18n 1.1 changed fallbacks to exclude default locale.
But that may break your application.

If you are upgrading your Rails application from an older version of Rails:

Please check your Rails app for 'config.i18n.fallbacks = true'.
If you're using I18n (>= 1.1.0) and Rails (< 5.2.2), this should be
'config.i18n.fallbacks = [I18n.default_locale]'.
If not, fallbacks will be broken in your app by I18n 1.1.x.

If you are starting a NEW Rails application, you can ignore this notice.

For more info see:
https://github.com/svenfuchs/i18n/releases/tag/v1.1.0

Successfully installed i18n-1.8.2
Successfully installed money-6.13.7
Parsing documentation for concurrent-ruby-1.1.6
Installing ri documentation for concurrent-ruby-1.1.6
Parsing documentation for i18n-1.8.2
Installing ri documentation for i18n-1.8.2
Parsing documentation for money-6.13.7
Installing ri documentation for money-6.13.7
Done installing documentation for concurrent-ruby, i18n, money after 67 seconds
3 gems installed

D:\data\CV Rafa\QA test Kantox>

D:\data\CV Rafa\QA test Kantox>gem install 'validates'
Fetching tzinfo-1.2.6.gem
Fetching thread_safe-0.3.6.gem
Fetching activemodel-6.0.2.1.gem
Fetching zeitwerk-2.2.2.gem
Fetching validates-1.0.0.gem
Fetching activesupport-6.0.2.1.gem
Successfully installed thread_safe-0.3.6
Successfully installed tzinfo-1.2.6
Successfully installed zeitwerk-2.2.2
Successfully installed activesupport-6.0.2.1
Successfully installed activemodel-6.0.2.1
Successfully installed validates-1.0.0
Parsing documentation for thread_safe-0.3.6
Installing ri documentation for thread_safe-0.3.6
Parsing documentation for tzinfo-1.2.6
Installing ri documentation for tzinfo-1.2.6
Parsing documentation for zeitwerk-2.2.2
Installing ri documentation for zeitwerk-2.2.2
Parsing documentation for activesupport-6.0.2.1
Installing ri documentation for activesupport-6.0.2.1
Parsing documentation for activemodel-6.0.2.1
Installing ri documentation for activemodel-6.0.2.1
Parsing documentation for validates-1.0.0
Installing ri documentation for validates-1.0.0
Done installing documentation for thread_safe, tzinfo, zeitwerk, activesupport, activemodel, validates after 82 seconds
6 gems installed


D:\data\CV Rafa\QA test Kantox>gem install bundler
Fetching bundler-2.1.4.gem
Successfully installed bundler-2.1.4
Parsing documentation for bundler-2.1.4
Installing ri documentation for bundler-2.1.4
Done installing documentation for bundler after 79 seconds
1 gem installed

D:\data\CV Rafa\QA test Kantox>bundle install
Fetching gem metadata from https://rubygems.org/...........
Resolving dependencies....
Using concurrent-ruby 1.1.6
Using i18n 1.8.2
Using minitest 5.14.0
Using thread_safe 0.3.6
Using tzinfo 1.2.6
Using zeitwerk 2.2.2
Using activesupport 6.0.2.1
Using activemodel 6.0.2.1
Using bundler 2.1.4
Using diff-lcs 1.3
Using mime-types-data 3.2019.1009
Using mime-types 3.3.1
Using multi_xml 0.6.0
Using httparty 0.17.3
Using money 6.13.7
Using power_assert 1.1.5
Using redis 4.1.3
Using rspec-support 3.9.2
Using rspec-core 3.9.1
Using rspec-expectations 3.9.0
Using rspec-mocks 3.9.1
Using rspec 3.9.0
Using test-unit 3.3.5
Using validates 1.0.0
Bundle complete! 6 Gemfile dependencies, 24 gems now installed.
Use `bundle info [gemname]` to see where a bundled gem is installed.